2026-08-10 18:41:25 [restartedMain] INFO  c.e.e.EvChargingBackendApplication - Starting EvChargingBackendApplication using Java 21.0.2 with PID 2076 (E:\Community_EV_Charger_Station\ev-station-backend\ev-charging-backend\target\classes started by Nayan-Windows in E:\Community_EV_Charger_Station\ev-station-backend\ev-charging-backend)
2026-08-10 18:41:25 [restartedMain] INFO  c.e.e.EvChargingBackendApplication - No active profile set, falling back to 1 default profile: "default"
2026-08-10 18:41:25 [restartedMain] INFO  o.s.b.d.e.DevToolsPropertyDefaultsPostProcessor - Devtools property defaults active! Set 'spring.devtools.add-properties' to 'false' to disable
2026-08-10 18:41:25 [restartedMain] INFO  o.s.b.d.e.DevToolsPropertyDefaultsPostProcessor - For additional web related logging consider setting the 'logging.level.web' property to 'DEBUG'
2026-08-10 18:41:26 [restartedMain] INFO  o.s.d.r.c.RepositoryConfigurationDelegate - Bootstrapping Spring Data JPA repositories in DEFAULT mode.
2026-08-10 18:41:27 [restartedMain] INFO  o.s.d.r.c.RepositoryConfigurationDelegate - Finished Spring Data repository scanning in 134 ms. Found 10 JPA repository interfaces.
2026-08-10 18:41:27 [restartedMain] INFO  o.s.b.w.e.tomcat.TomcatWebServer - Tomcat initialized with port 8080 (http)
2026-08-10 18:41:27 [restartedMain] INFO  o.a.catalina.core.StandardService - Starting service [Tomcat]
2026-08-10 18:41:27 [restartedMain] INFO  o.a.catalina.core.StandardEngine - Starting Servlet engine: [Apache Tomcat/10.1.46]
2026-08-10 18:41:28 [restartedMain] INFO  o.a.c.c.C.[Tomcat].[localhost].[/] - Initializing Spring embedded WebApplicationContext
2026-08-10 18:41:28 [restartedMain] INFO  o.s.b.w.s.c.ServletWebServerApplicationContext - Root WebApplicationContext: initialization completed in 2398 ms
2026-08-10 18:41:28 [restartedMain] INFO  o.h.jpa.internal.util.LogHelper - HHH000204: Processing PersistenceUnitInfo [name: default]
2026-08-10 18:41:28 [restartedMain] INFO  org.hibernate.Version - HHH000412: Hibernate ORM core version 6.6.29.Final
2026-08-10 18:41:28 [restartedMain] INFO  o.h.c.i.RegionFactoryInitiator - HHH000026: Second-level cache disabled
2026-08-10 18:41:28 [restartedMain] INFO  o.s.o.j.p.SpringPersistenceUnitInfo - No LoadTimeWeaver setup: ignoring JPA class transformer
2026-08-10 18:41:29 [restartedMain] INFO  com.zaxxer.hikari.HikariDataSource - HikariPool-1 - Starting...
2026-08-10 18:41:29 [restartedMain] INFO  com.zaxxer.hikari.pool.HikariPool - HikariPool-1 - Added connection com.mysql.cj.jdbc.ConnectionImpl@37a50015
2026-08-10 18:41:29 [restartedMain] INFO  com.zaxxer.hikari.HikariDataSource - HikariPool-1 - Start completed.
2026-08-10 18:41:29 [restartedMain] WARN  org.hibernate.orm.deprecation - HHH90000025: MySQLDialect does not need to be specified explicitly using 'hibernate.dialect' (remove the property setting and it will be selected by default)
2026-08-10 18:41:29 [restartedMain] INFO  o.hibernate.orm.connections.pooling - HHH10001005: Database info:
	Database JDBC URL [Connecting through datasource 'HikariDataSource (HikariPool-1)']
	Database driver: undefined/unknown
	Database version: 8.0.40
	Autocommit mode: undefined/unknown
	Isolation level: undefined/unknown
	Minimum pool size: undefined/unknown
	Maximum pool size: undefined/unknown
2026-08-10 18:41:31 [restartedMain] INFO  o.h.e.t.j.p.i.JtaPlatformInitiator - HHH000489: No JTA platform available (set 'hibernate.transaction.jta.platform' to enable JTA platform integration)
2026-08-10 18:41:32 [restartedMain] INFO  o.s.o.j.LocalContainerEntityManagerFactoryBean - Initialized JPA EntityManagerFactory for persistence unit 'default'
2026-08-10 18:41:32 [restartedMain] INFO  o.s.d.j.r.query.QueryEnhancerFactory - Hibernate is in classpath; If applicable, HQL parser will be used.
2026-08-10 18:41:38 [restartedMain] INFO  c.e.e.config.WebSocketConfig - Inbound WebSocket channel configured
2026-08-10 18:41:39 [restartedMain] INFO  c.e.e.config.WebSocketConfig - Outbound WebSocket channel configured
2026-08-10 18:41:39 [restartedMain] INFO  c.e.e.config.WebSocketConfig - WebSocket Message Broker initialized
2026-08-10 18:41:40 [restartedMain] INFO  o.s.s.c.a.a.c.InitializeUserDetailsBeanManagerConfigurer$InitializeUserDetailsManagerConfigurer - Global AuthenticationManager configured with UserDetailsService bean with name customUserDetailsService
2026-08-10 18:41:41 [restartedMain] WARN  o.s.b.a.o.j.JpaBaseConfiguration$JpaWebConfiguration - spring.jpa.open-in-view is enabled by default. Therefore, database queries may be performed during view rendering. Explicitly configure spring.jpa.open-in-view to disable this warning
2026-08-10 18:41:41 [restartedMain] INFO  c.e.e.config.WebSocketConfig - WebSocket transport tuned
2026-08-10 18:41:41 [restartedMain] INFO  c.e.e.config.WebSocketConfig - STOMP WebSocket endpoints registered
2026-08-10 18:41:41 [restartedMain] DEBUG o.s.w.s.s.s.WebSocketHandlerMapping - Patterns [/ws/**, /ws] in 'stompWebSocketHandlerMapping'
2026-08-10 18:41:41 [restartedMain] DEBUG o.s.w.s.m.WebSocketAnnotationMethodMessageHandler - 
	c.e.e.c.AdminController:
	
2026-08-10 18:41:41 [restartedMain] DEBUG o.s.w.s.m.WebSocketAnnotationMethodMessageHandler - 
	c.e.e.c.a.AdminAnalyticsController:
	
2026-08-10 18:41:41 [restartedMain] DEBUG o.s.w.s.m.WebSocketAnnotationMethodMessageHandler - 
	c.e.e.c.a.HostAnalyticsController:
	
2026-08-10 18:41:41 [restartedMain] DEBUG o.s.w.s.m.WebSocketAnnotationMethodMessageHandler - 
	c.e.e.c.a.UserAnalyticsController:
	
2026-08-10 18:41:41 [restartedMain] DEBUG o.s.w.s.m.WebSocketAnnotationMethodMessageHandler - 
	c.e.e.c.AuthController:
	
2026-08-10 18:41:41 [restartedMain] DEBUG o.s.w.s.m.WebSocketAnnotationMethodMessageHandler - 
	c.e.e.c.BookingController:
	
2026-08-10 18:41:41 [restartedMain] DEBUG o.s.w.s.m.WebSocketAnnotationMethodMessageHandler - 
	c.e.e.c.ChargerController:
	
2026-08-10 18:41:41 [restartedMain] DEBUG o.s.w.s.m.WebSocketAnnotationMethodMessageHandler - 
	c.e.e.c.ChatController:
	{[MESSAGE],[/chat.sendMessage]}: sendMessage(ChatMessageRequest,SimpMessageHeaderAccessor)
	{[MESSAGE],[/chat.stopTyping]}: sendStopTypingIndicator(Long,SimpMessageHeaderAccessor)
	{[MESSAGE],[/chat.typing]}: sendTypingIndicator(Long,SimpMessageHeaderAccessor)
2026-08-10 18:41:41 [restartedMain] DEBUG o.s.w.s.m.WebSocketAnnotationMethodMessageHandler - 
	c.e.e.c.DashboardController:
	
2026-08-10 18:41:41 [restartedMain] DEBUG o.s.w.s.m.WebSocketAnnotationMethodMessageHandler - 
	c.e.e.c.FileController:
	
2026-08-10 18:41:41 [restartedMain] DEBUG o.s.w.s.m.WebSocketAnnotationMethodMessageHandler - 
	c.e.e.c.NotificationController:
	
2026-08-10 18:41:41 [restartedMain] DEBUG o.s.w.s.m.WebSocketAnnotationMethodMessageHandler - 
	c.e.e.c.PaymentController:
	
2026-08-10 18:41:41 [restartedMain] DEBUG o.s.w.s.m.WebSocketAnnotationMethodMessageHandler - 
	c.e.e.c.RatingController:
	
2026-08-10 18:41:41 [restartedMain] DEBUG o.s.w.s.m.WebSocketAnnotationMethodMessageHandler - 
	c.e.e.c.ReceiptController:
	
2026-08-10 18:41:41 [restartedMain] DEBUG o.s.w.s.m.WebSocketAnnotationMethodMessageHandler - 
	c.e.e.c.ReservationController:
	
2026-08-10 18:41:41 [restartedMain] DEBUG o.s.w.s.m.WebSocketAnnotationMethodMessageHandler - 
	o.s.b.a.w.s.e.BasicErrorController:
	
2026-08-10 18:41:41 [restartedMain] INFO  c.e.e.config.WebSocketConfig - Servlet WebSocket container configured
2026-08-10 18:41:42 [restartedMain] INFO  o.s.b.d.a.OptionalLiveReloadServer - LiveReload server is running on port 35729
2026-08-10 18:41:42 [restartedMain] DEBUG o.s.m.s.ExecutorSubscribableChannel - clientOutboundChannel added SubProtocolWebSocketHandler[StompSubProtocolHandler[v10.stomp, v11.stomp, v12.stomp]]
2026-08-10 18:41:42 [restartedMain] DEBUG o.s.m.s.ExecutorSubscribableChannel - clientInboundChannel added WebSocketAnnotationMethodMessageHandler[prefixes=[/app/]]
2026-08-10 18:41:42 [restartedMain] INFO  o.s.m.s.b.SimpleBrokerMessageHandler - Starting...
2026-08-10 18:41:42 [restartedMain] DEBUG o.s.m.s.ExecutorSubscribableChannel - clientInboundChannel added SimpleBrokerMessageHandler [org.springframework.messaging.simp.broker.DefaultSubscriptionRegistry@2803db1c]
2026-08-10 18:41:42 [restartedMain] DEBUG o.s.m.s.ExecutorSubscribableChannel - brokerChannel added SimpleBrokerMessageHandler [org.springframework.messaging.simp.broker.DefaultSubscriptionRegistry@2803db1c]
2026-08-10 18:41:42 [restartedMain] INFO  o.s.m.s.b.SimpleBrokerMessageHandler - BrokerAvailabilityEvent[available=true, SimpleBrokerMessageHandler [org.springframework.messaging.simp.broker.DefaultSubscriptionRegistry@2803db1c]]
2026-08-10 18:41:42 [restartedMain] INFO  o.s.m.s.b.SimpleBrokerMessageHandler - Started.
2026-08-10 18:41:42 [restartedMain] DEBUG o.s.m.s.ExecutorSubscribableChannel - clientInboundChannel added UserDestinationMessageHandler[DefaultUserDestinationResolver[prefix=/user/]]
2026-08-10 18:41:42 [restartedMain] DEBUG o.s.m.s.ExecutorSubscribableChannel - brokerChannel added UserDestinationMessageHandler[DefaultUserDestinationResolver[prefix=/user/]]
2026-08-10 18:41:42 [restartedMain] INFO  o.s.b.w.e.tomcat.TomcatWebServer - Tomcat started on port 8080 (http) with context path '/'
2026-08-10 18:41:42 [restartedMain] INFO  o.s.s.config.TaskSchedulerRouter - More than one TaskScheduler bean exists within the context, and none is named 'taskScheduler'. Mark one of them as primary or name it 'taskScheduler' (possibly as an alias); or implement the SchedulingConfigurer interface and call ScheduledTaskRegistrar#setScheduler explicitly within the configureTasks() callback: [messageBrokerTaskScheduler, heartbeatTaskScheduler]
2026-08-10 18:41:42 [restartedMain] INFO  c.e.e.EvChargingBackendApplication - Started EvChargingBackendApplication in 17.387 seconds (process running for 18.653)
2026-08-10 18:41:42 [pool-2-thread-1] INFO  c.e.e.s.BookingStatusScheduler - Activated booking ID: 70
2026-08-10 18:41:42 [pool-2-thread-1] INFO  c.e.e.s.BookingStatusScheduler - Activated booking ID: 71
2026-08-10 18:41:42 [pool-2-thread-1] INFO  c.e.e.s.BookingStatusScheduler - Status update summary - Activated: 2, Completed: 0
2026-08-10 18:41:42 [pool-2-thread-1] INFO  c.e.e.s.a.AnalyticsCacheRefreshService - Starting scheduled analytics cache refresh (2-minute interval)
2026-08-10 18:41:42 [pool-2-thread-1] INFO  c.e.e.s.a.AnalyticsCacheRefreshService - Analytics cache refresh completed successfully
2026-08-10 18:42:18 [http-nio-8080-exec-1] INFO  o.a.c.c.C.[Tomcat].[localhost].[/] - Initializing Spring DispatcherServlet 'dispatcherServlet'
2026-08-10 18:42:18 [http-nio-8080-exec-1] INFO  o.s.web.servlet.DispatcherServlet - Initializing Servlet 'dispatcherServlet'
2026-08-10 18:42:18 [http-nio-8080-exec-1] INFO  o.s.web.servlet.DispatcherServlet - Completed initialization in 2 ms
2026-08-10 18:42:19 [http-nio-8080-exec-3] INFO  c.e.e.c.a.HostAnalyticsController - Getting host overview for period: LAST_30_DAYS
2026-08-10 18:42:19 [http-nio-8080-exec-3] INFO  c.e.e.s.a.HostAnalyticsServiceImpl - Calculating overview for host 29 with period LAST_30_DAYS
2026-08-10 18:42:32 [http-nio-8080-exec-9] INFO  c.e.e.serviceImpl.BookingServiceImpl - 📊 Host 29 bookings: Total=29, RESERVED=0, PAYMENT_PENDING=2, CONFIRMED=0
2026-08-10 18:42:38 [http-nio-8080-exec-7] INFO  c.e.e.serviceImpl.BookingServiceImpl - 📊 Host 29 bookings: Total=29, RESERVED=0, PAYMENT_PENDING=2, CONFIRMED=0
2026-08-10 18:42:38 [http-nio-8080-exec-5] INFO  c.e.e.serviceImpl.BookingServiceImpl - 📊 Host 29 bookings: Total=29, RESERVED=0, PAYMENT_PENDING=2, CONFIRMED=0
2026-08-10 18:42:39 [http-nio-8080-exec-4] INFO  c.e.e.serviceImpl.BookingServiceImpl - 📊 Host 29 bookings: Total=29, RESERVED=0, PAYMENT_PENDING=2, CONFIRMED=0
2026-08-10 18:42:39 [http-nio-8080-exec-1] INFO  c.e.e.serviceImpl.BookingServiceImpl - 📊 Host 29 bookings: Total=29, RESERVED=0, PAYMENT_PENDING=2, CONFIRMED=0
2026-08-10 18:42:40 [http-nio-8080-exec-2] INFO  c.e.e.serviceImpl.BookingServiceImpl - 📊 Host 29 bookings: Total=29, RESERVED=0, PAYMENT_PENDING=2, CONFIRMED=0
2026-08-10 18:42:40 [http-nio-8080-exec-8] INFO  c.e.e.serviceImpl.BookingServiceImpl - 📊 Host 29 bookings: Total=29, RESERVED=0, PAYMENT_PENDING=2, CONFIRMED=0
2026-08-10 18:42:41 [http-nio-8080-exec-10] INFO  c.e.e.serviceImpl.BookingServiceImpl - 📊 Host 29 bookings: Total=29, RESERVED=0, PAYMENT_PENDING=2, CONFIRMED=0
2026-08-10 18:42:41 [http-nio-8080-exec-10] INFO  c.e.e.serviceImpl.BookingServiceImpl - 📊 Host 29 bookings: Total=29, RESERVED=0, PAYMENT_PENDING=2, CONFIRMED=0
2026-08-10 18:42:42 [MessageBroker-1] INFO  o.s.w.s.c.WebSocketMessageBrokerStats - WebSocketSession[0 current WS(0)-HttpStream(0)-HttpPoll(0), 0 total, 0 closed abnormally (0 connect failure, 0 send limit, 0 transport error)], stompSubProtocol[processed CONNECT(0)-CONNECTED(0)-DISCONNECT(0)], stompBrokerRelay[null], inboundChannel[pool size = 0, active threads = 0, queued tasks = 0, completed tasks = 0], outboundChannel[pool size = 0, active threads = 0, queued tasks = 0, completed tasks = 0], sockJsScheduler[pool size = 1, active threads = 1, queued tasks = 0, completed tasks = 0]
2026-08-10 18:42:42 [http-nio-8080-exec-3] INFO  c.e.e.serviceImpl.BookingServiceImpl - 📊 Host 29 bookings: Total=29, RESERVED=0, PAYMENT_PENDING=2, CONFIRMED=0
2026-08-10 18:42:42 [pool-2-thread-1] INFO  c.e.e.s.BookingStatusScheduler - Completed booking ID: 70
2026-08-10 18:42:42 [pool-2-thread-1] INFO  c.e.e.s.BookingStatusScheduler - Completed booking ID: 71
2026-08-10 18:42:42 [pool-2-thread-1] INFO  c.e.e.s.BookingStatusScheduler - Status update summary - Activated: 0, Completed: 2
2026-08-10 18:42:42 [http-nio-8080-exec-9] INFO  c.e.e.serviceImpl.BookingServiceImpl - 📊 Host 29 bookings: Total=29, RESERVED=0, PAYMENT_PENDING=2, CONFIRMED=0
2026-08-10 18:42:43 [http-nio-8080-exec-7] INFO  c.e.e.serviceImpl.BookingServiceImpl - 📊 Host 29 bookings: Total=29, RESERVED=0, PAYMENT_PENDING=2, CONFIRMED=0
2026-08-10 18:42:43 [http-nio-8080-exec-5] INFO  c.e.e.serviceImpl.BookingServiceImpl - 📊 Host 29 bookings: Total=29, RESERVED=0, PAYMENT_PENDING=2, CONFIRMED=0
2026-08-10 18:42:44 [http-nio-8080-exec-4] INFO  c.e.e.serviceImpl.BookingServiceImpl - 📊 Host 29 bookings: Total=29, RESERVED=0, PAYMENT_PENDING=2, CONFIRMED=0
2026-08-10 18:42:44 [http-nio-8080-exec-1] INFO  c.e.e.serviceImpl.BookingServiceImpl - 📊 Host 29 bookings: Total=29, RESERVED=0, PAYMENT_PENDING=2, CONFIRMED=0
2026-08-10 18:42:45 [http-nio-8080-exec-2] INFO  c.e.e.serviceImpl.BookingServiceImpl - 📊 Host 29 bookings: Total=29, RESERVED=0, PAYMENT_PENDING=2, CONFIRMED=0
2026-08-10 18:42:45 [http-nio-8080-exec-8] INFO  c.e.e.serviceImpl.BookingServiceImpl - 📊 Host 29 bookings: Total=29, RESERVED=0, PAYMENT_PENDING=2, CONFIRMED=0
2026-08-10 18:42:46 [http-nio-8080-exec-6] INFO  c.e.e.serviceImpl.BookingServiceImpl - 📊 Host 29 bookings: Total=29, RESERVED=0, PAYMENT_PENDING=2, CONFIRMED=0
2026-08-10 18:42:46 [http-nio-8080-exec-10] INFO  c.e.e.serviceImpl.BookingServiceImpl - 📊 Host 29 bookings: Total=29, RESERVED=0, PAYMENT_PENDING=2, CONFIRMED=0
2026-08-10 18:42:47 [http-nio-8080-exec-3] INFO  c.e.e.serviceImpl.BookingServiceImpl - 📊 Host 29 bookings: Total=29, RESERVED=0, PAYMENT_PENDING=2, CONFIRMED=0
2026-08-10 18:42:47 [http-nio-8080-exec-9] INFO  c.e.e.serviceImpl.BookingServiceImpl - 📊 Host 29 bookings: Total=29, RESERVED=0, PAYMENT_PENDING=2, CONFIRMED=0
2026-08-10 18:42:48 [http-nio-8080-exec-7] INFO  c.e.e.serviceImpl.BookingServiceImpl - 📊 Host 29 bookings: Total=29, RESERVED=0, PAYMENT_PENDING=2, CONFIRMED=0
2026-08-10 18:42:48 [http-nio-8080-exec-5] INFO  c.e.e.serviceImpl.BookingServiceImpl - 📊 Host 29 bookings: Total=29, RESERVED=0, PAYMENT_PENDING=2, CONFIRMED=0
2026-08-10 18:42:49 [http-nio-8080-exec-2] INFO  c.e.e.serviceImpl.BookingServiceImpl - 📊 Host 29 bookings: Total=29, RESERVED=0, PAYMENT_PENDING=2, CONFIRMED=0
2026-08-10 18:42:49 [http-nio-8080-exec-2] INFO  c.e.e.serviceImpl.BookingServiceImpl - 📊 Host 29 bookings: Total=29, RESERVED=0, PAYMENT_PENDING=2, CONFIRMED=0
2026-08-10 18:42:50 [http-nio-8080-exec-6] INFO  c.e.e.serviceImpl.BookingServiceImpl - 📊 Host 29 bookings: Total=29, RESERVED=0, PAYMENT_PENDING=2, CONFIRMED=0
2026-08-10 18:42:50 [http-nio-8080-exec-10] INFO  c.e.e.serviceImpl.BookingServiceImpl - 📊 Host 29 bookings: Total=29, RESERVED=0, PAYMENT_PENDING=2, CONFIRMED=0
2026-08-10 18:42:51 [http-nio-8080-exec-3] INFO  c.e.e.serviceImpl.BookingServiceImpl - 📊 Host 29 bookings: Total=29, RESERVED=0, PAYMENT_PENDING=2, CONFIRMED=0
2026-08-10 18:42:51 [http-nio-8080-exec-9] INFO  c.e.e.serviceImpl.BookingServiceImpl - 📊 Host 29 bookings: Total=29, RESERVED=0, PAYMENT_PENDING=2, CONFIRMED=0
2026-08-10 18:42:52 [http-nio-8080-exec-7] INFO  c.e.e.serviceImpl.BookingServiceImpl - 📊 Host 29 bookings: Total=29, RESERVED=0, PAYMENT_PENDING=2, CONFIRMED=0
2026-08-10 18:42:52 [http-nio-8080-exec-5] INFO  c.e.e.serviceImpl.BookingServiceImpl - 📊 Host 29 bookings: Total=29, RESERVED=0, PAYMENT_PENDING=2, CONFIRMED=0
2026-08-10 18:42:53 [http-nio-8080-exec-4] INFO  c.e.e.serviceImpl.BookingServiceImpl - 📊 Host 29 bookings: Total=29, RESERVED=0, PAYMENT_PENDING=2, CONFIRMED=0
2026-08-10 18:42:53 [http-nio-8080-exec-1] INFO  c.e.e.serviceImpl.BookingServiceImpl - 📊 Host 29 bookings: Total=29, RESERVED=0, PAYMENT_PENDING=2, CONFIRMED=0
2026-08-10 18:42:54 [http-nio-8080-exec-8] INFO  c.e.e.serviceImpl.BookingServiceImpl - 📊 Host 29 bookings: Total=29, RESERVED=0, PAYMENT_PENDING=2, CONFIRMED=0
2026-08-10 18:42:54 [http-nio-8080-exec-2] INFO  c.e.e.serviceImpl.BookingServiceImpl - 📊 Host 29 bookings: Total=29, RESERVED=0, PAYMENT_PENDING=2, CONFIRMED=0
2026-08-10 18:42:55 [http-nio-8080-exec-6] INFO  c.e.e.serviceImpl.BookingServiceImpl - 📊 Host 29 bookings: Total=29, RESERVED=0, PAYMENT_PENDING=2, CONFIRMED=0
2026-08-10 18:42:55 [http-nio-8080-exec-10] INFO  c.e.e.serviceImpl.BookingServiceImpl - 📊 Host 29 bookings: Total=29, RESERVED=0, PAYMENT_PENDING=2, CONFIRMED=0
2026-08-10 18:42:56 [http-nio-8080-exec-3] INFO  c.e.e.serviceImpl.BookingServiceImpl - 📊 Host 29 bookings: Total=29, RESERVED=0, PAYMENT_PENDING=2, CONFIRMED=0
2026-08-10 18:42:56 [http-nio-8080-exec-9] INFO  c.e.e.serviceImpl.BookingServiceImpl - 📊 Host 29 bookings: Total=29, RESERVED=0, PAYMENT_PENDING=2, CONFIRMED=0
2026-08-10 18:42:57 [http-nio-8080-exec-7] INFO  c.e.e.serviceImpl.BookingServiceImpl - 📊 Host 29 bookings: Total=29, RESERVED=0, PAYMENT_PENDING=2, CONFIRMED=0
2026-08-10 18:42:57 [http-nio-8080-exec-5] INFO  c.e.e.serviceImpl.BookingServiceImpl - 📊 Host 29 bookings: Total=29, RESERVED=0, PAYMENT_PENDING=2, CONFIRMED=0
2026-08-10 18:42:58 [http-nio-8080-exec-4] INFO  c.e.e.serviceImpl.BookingServiceImpl - 📊 Host 29 bookings: Total=29, RESERVED=0, PAYMENT_PENDING=2, CONFIRMED=0
2026-08-10 18:42:58 [http-nio-8080-exec-1] INFO  c.e.e.serviceImpl.BookingServiceImpl - 📊 Host 29 bookings: Total=29, RESERVED=0, PAYMENT_PENDING=2, CONFIRMED=0
2026-08-10 18:42:59 [http-nio-8080-exec-8] INFO  c.e.e.serviceImpl.BookingServiceImpl - 📊 Host 29 bookings: Total=29, RESERVED=0, PAYMENT_PENDING=2, CONFIRMED=0
2026-08-10 18:42:59 [http-nio-8080-exec-2] INFO  c.e.e.serviceImpl.BookingServiceImpl - 📊 Host 29 bookings: Total=29, RESERVED=0, PAYMENT_PENDING=2, CONFIRMED=0
2026-08-10 18:43:00 [http-nio-8080-exec-6] INFO  c.e.e.serviceImpl.BookingServiceImpl - 📊 Host 29 bookings: Total=29, RESERVED=0, PAYMENT_PENDING=2, CONFIRMED=0
2026-08-10 18:43:00 [http-nio-8080-exec-10] INFO  c.e.e.serviceImpl.BookingServiceImpl - 📊 Host 29 bookings: Total=29, RESERVED=0, PAYMENT_PENDING=2, CONFIRMED=0
2026-08-10 18:43:01 [http-nio-8080-exec-3] INFO  c.e.e.serviceImpl.BookingServiceImpl - 📊 Host 29 bookings: Total=29, RESERVED=0, PAYMENT_PENDING=2, CONFIRMED=0
2026-08-10 18:43:01 [http-nio-8080-exec-9] INFO  c.e.e.serviceImpl.BookingServiceImpl - 📊 Host 29 bookings: Total=29, RESERVED=0, PAYMENT_PENDING=2, CONFIRMED=0
2026-08-10 18:43:02 [http-nio-8080-exec-7] INFO  c.e.e.serviceImpl.BookingServiceImpl - 📊 Host 29 bookings: Total=29, RESERVED=0, PAYMENT_PENDING=2, CONFIRMED=0
2026-08-10 18:43:02 [http-nio-8080-exec-5] INFO  c.e.e.serviceImpl.BookingServiceImpl - 📊 Host 29 bookings: Total=29, RESERVED=0, PAYMENT_PENDING=2, CONFIRMED=0
2026-08-10 18:43:03 [http-nio-8080-exec-4] WARN  c.e.e.s.JwtAuthenticationFilter - No Authorization header found for path: /api/bookings/host
2026-08-10 18:43:03 [http-nio-8080-exec-1] WARN  c.e.e.s.JwtAuthenticationFilter - No Authorization header found for path: /api/bookings/host
2026-08-10 18:43:07 [http-nio-8080-exec-3] INFO  c.e.e.c.a.UserAnalyticsController - Getting user overview for period: LAST_30_DAYS
2026-08-10 18:43:07 [http-nio-8080-exec-3] INFO  c.e.e.s.a.UserAnalyticsServiceImpl - Calculating overview for user 6 with period LAST_30_DAYS
2026-08-10 18:43:13 [http-nio-8080-exec-7] INFO  c.e.e.c.a.UserAnalyticsController - Getting spending analytics for period: LAST_7_DAYS
2026-08-10 18:43:13 [http-nio-8080-exec-7] INFO  c.e.e.s.a.UserAnalyticsServiceImpl - Calculating spending analytics for user 6 with period LAST_7_DAYS
2026-08-10 18:43:27 [http-nio-8080-exec-4] INFO  c.e.e.c.a.UserAnalyticsController - Getting spending analytics for period: ALL_TIME
2026-08-10 18:43:27 [http-nio-8080-exec-4] INFO  c.e.e.s.a.UserAnalyticsServiceImpl - Calculating spending analytics for user 6 with period ALL_TIME
2026-08-10 18:43:42 [pool-2-thread-1] INFO  c.e.e.s.a.AnalyticsCacheRefreshService - Starting scheduled analytics cache refresh (2-minute interval)
2026-08-10 18:43:42 [pool-2-thread-1] INFO  c.e.e.s.a.AnalyticsCacheRefreshService - Analytics cache refresh completed successfully
2026-08-10 18:44:05 [http-nio-8080-exec-4] INFO  c.e.e.c.a.UserAnalyticsController - Getting charging behavior for period: LAST_7_DAYS
2026-08-10 18:44:05 [http-nio-8080-exec-4] INFO  c.e.e.s.a.UserAnalyticsServiceImpl - Calculating charging behavior for user 6 with period LAST_7_DAYS
2026-08-10 18:44:05 [http-nio-8080-exec-4] WARN  o.h.e.jdbc.spi.SqlExceptionHelper - SQL Error: 1055, SQLState: 42000
2026-08-10 18:44:05 [http-nio-8080-exec-4] ERROR o.h.e.jdbc.spi.SqlExceptionHelper - Expression #1 of SELECT list is not in GROUP BY clause and contains nonaggregated column 'ev_charger.b.start_time' which is not functionally dependent on columns in GROUP BY clause; this is incompatible with sql_mode=only_full_group_by
2026-08-10 18:44:05 [http-nio-8080-exec-4] WARN  c.e.e.s.a.UserAnalyticsServiceImpl - Could not determine peak charging day for user 6: JDBC exception executing SQL [/* dynamic native SQL query */     SELECT
        CASE DAYOFWEEK(b.start_time)
            WHEN 1 THEN 'Sunday'
            WHEN 2 THEN 'Monday'
            WHEN 3 THEN 'Tuesday'
            WHEN 4 THEN 'Wednesday'
            WHEN 5 THEN 'Thursday'
            WHEN 6 THEN 'Friday'
            WHEN 7 THEN 'Saturday'
        END as day_name,
        COUNT(*) as count
    FROM bookings b
    WHERE b.user_id = ?
    AND b.status = 'COMPLETED'
    AND b.created_at >= ?
    GROUP BY DAYOFWEEK(b.start_time)
    ORDER BY count DESC
    LIMIT 1
] [Expression #1 of SELECT list is not in GROUP BY clause and contains nonaggregated column 'ev_charger.b.start_time' which is not functionally dependent on columns in GROUP BY clause; this is incompatible with sql_mode=only_full_group_by] [n/a]; SQL [n/a]
2026-08-10 18:44:09 [http-nio-8080-exec-6] INFO  c.e.e.c.a.UserAnalyticsController - Getting charging behavior for period: ALL_TIME
2026-08-10 18:44:09 [http-nio-8080-exec-6] INFO  c.e.e.s.a.UserAnalyticsServiceImpl - Calculating charging behavior for user 6 with period ALL_TIME
2026-08-10 18:44:09 [http-nio-8080-exec-6] WARN  o.h.e.jdbc.spi.SqlExceptionHelper - SQL Error: 1055, SQLState: 42000
2026-08-10 18:44:09 [http-nio-8080-exec-6] ERROR o.h.e.jdbc.spi.SqlExceptionHelper - Expression #1 of SELECT list is not in GROUP BY clause and contains nonaggregated column 'ev_charger.b.start_time' which is not functionally dependent on columns in GROUP BY clause; this is incompatible with sql_mode=only_full_group_by
2026-08-10 18:44:09 [http-nio-8080-exec-6] WARN  c.e.e.s.a.UserAnalyticsServiceImpl - Could not determine peak charging day for user 6: JDBC exception executing SQL [/* dynamic native SQL query */     SELECT
        CASE DAYOFWEEK(b.start_time)
            WHEN 1 THEN 'Sunday'
            WHEN 2 THEN 'Monday'
            WHEN 3 THEN 'Tuesday'
            WHEN 4 THEN 'Wednesday'
            WHEN 5 THEN 'Thursday'
            WHEN 6 THEN 'Friday'
            WHEN 7 THEN 'Saturday'
        END as day_name,
        COUNT(*) as count
    FROM bookings b
    WHERE b.user_id = ?
    AND b.status = 'COMPLETED'
    AND b.created_at >= ?
    GROUP BY DAYOFWEEK(b.start_time)
    ORDER BY count DESC
    LIMIT 1
] [Expression #1 of SELECT list is not in GROUP BY clause and contains nonaggregated column 'ev_charger.b.start_time' which is not functionally dependent on columns in GROUP BY clause; this is incompatible with sql_mode=only_full_group_by] [n/a]; SQL [n/a]
2026-08-10 18:44:13 [http-nio-8080-exec-9] INFO  c.e.e.c.a.UserAnalyticsController - Getting booking analytics for period: LAST_7_DAYS
2026-08-10 18:44:13 [http-nio-8080-exec-9] INFO  c.e.e.s.a.UserAnalyticsServiceImpl - Calculating booking analytics for user 6 with period LAST_7_DAYS
2026-08-10 18:44:15 [http-nio-8080-exec-5] INFO  c.e.e.c.a.UserAnalyticsController - Getting booking analytics for period: ALL_TIME
2026-08-10 18:44:15 [http-nio-8080-exec-5] INFO  c.e.e.s.a.UserAnalyticsServiceImpl - Calculating booking analytics for user 6 with period ALL_TIME
2026-08-10 18:44:32 [http-nio-8080-exec-2] INFO  c.e.e.c.a.UserAnalyticsController - Getting rating analytics (all time)
2026-08-10 18:44:32 [http-nio-8080-exec-2] INFO  c.e.e.s.a.UserAnalyticsServiceImpl - Calculating rating analytics for user 6
2026-08-10 18:44:41 [http-nio-8080-exec-5] INFO  c.e.e.c.a.UserAnalyticsController - Getting user overview for period: LAST_30_DAYS
2026-08-10 18:44:41 [http-nio-8080-exec-5] INFO  c.e.e.s.a.UserAnalyticsServiceImpl - Calculating overview for user 6 with period LAST_30_DAYS
2026-08-10 18:44:57 [http-nio-8080-exec-4] WARN  o.s.w.s.m.m.a.ExceptionHandlerExceptionResolver - Resolved [org.springframework.web.servlet.resource.NoResourceFoundException: No static resource bmw.jpg.]
2026-08-10 18:45:24 [http-nio-8080-exec-10] WARN  o.s.d.w.c.SpringDataJacksonConfiguration$PageModule$WarningLoggingModifier - Serializing PageImpl instances as-is is not supported, meaning that there is no guarantee about the stability of the resulting JSON structure!
	For a stable JSON structure, please use Spring Data's PagedModel (globally via @EnableSpringDataWebSupport(pageSerializationMode = VIA_DTO))
	or Spring HATEOAS and Spring Data's PagedResourcesAssembler as documented in https://docs.spring.io/spring-data/commons/reference/repositories/core-extensions.html#core.web.pageables.

2026-08-10 18:45:42 [pool-2-thread-1] INFO  c.e.e.s.a.AnalyticsCacheRefreshService - Starting scheduled analytics cache refresh (2-minute interval)
2026-08-10 18:45:42 [pool-2-thread-1] INFO  c.e.e.s.a.AnalyticsCacheRefreshService - Analytics cache refresh completed successfully
2026-08-10 18:46:15 [http-nio-8080-exec-7] WARN  o.s.w.s.m.m.a.ExceptionHandlerExceptionResolver - Resolved [org.springframework.web.servlet.resource.NoResourceFoundException: No static resource bmw.jpg.]
2026-08-10 18:46:52 [http-nio-8080-exec-4] WARN  o.s.w.s.m.m.a.ExceptionHandlerExceptionResolver - Resolved [com.evstation.ev_charging_backend.exception.RatingNotFoundException: No rating found for booking ID: 70]
2026-08-10 18:46:52 [http-nio-8080-exec-10] WARN  o.s.w.s.m.m.a.ExceptionHandlerExceptionResolver - Resolved [com.evstation.ev_charging_backend.exception.RatingNotFoundException: No rating found for booking ID: 71]
2026-08-10 18:46:52 [http-nio-8080-exec-1] WARN  o.s.w.s.m.m.a.ExceptionHandlerExceptionResolver - Resolved [com.evstation.ev_charging_backend.exception.RatingNotFoundException: No rating found for booking ID: 7]
2026-08-10 18:46:52 [http-nio-8080-exec-2] WARN  o.s.w.s.m.m.a.ExceptionHandlerExceptionResolver - Resolved [com.evstation.ev_charging_backend.exception.RatingNotFoundException: No rating found for booking ID: 11]
2026-08-10 18:46:52 [http-nio-8080-exec-6] WARN  o.s.w.s.m.m.a.ExceptionHandlerExceptionResolver - Resolved [com.evstation.ev_charging_backend.exception.RatingNotFoundException: No rating found for booking ID: 8]
2026-08-10 18:46:52 [http-nio-8080-exec-8] WARN  o.s.w.s.m.m.a.ExceptionHandlerExceptionResolver - Resolved [com.evstation.ev_charging_backend.exception.RatingNotFoundException: No rating found for booking ID: 5]
2026-08-10 18:46:52 [http-nio-8080-exec-3] WARN  o.s.w.s.m.m.a.ExceptionHandlerExceptionResolver - Resolved [com.evstation.ev_charging_backend.exception.RatingNotFoundException: No rating found for booking ID: 4]
2026-08-10 18:46:55 [http-nio-8080-exec-1] WARN  o.s.w.s.m.m.a.ExceptionHandlerExceptionResolver - Resolved [com.evstation.ev_charging_backend.exception.RatingNotFoundException: No rating found for booking ID: 70]
2026-08-10 18:46:55 [http-nio-8080-exec-9] WARN  o.s.w.s.m.m.a.ExceptionHandlerExceptionResolver - Resolved [com.evstation.ev_charging_backend.exception.RatingNotFoundException: No rating found for booking ID: 71]
2026-08-10 18:46:55 [http-nio-8080-exec-1] WARN  o.s.w.s.m.m.a.ExceptionHandlerExceptionResolver - Resolved [com.evstation.ev_charging_backend.exception.RatingNotFoundException: No rating found for booking ID: 8]
2026-08-10 18:46:55 [http-nio-8080-exec-9] WARN  o.s.w.s.m.m.a.ExceptionHandlerExceptionResolver - Resolved [com.evstation.ev_charging_backend.exception.RatingNotFoundException: No rating found for booking ID: 11]
2026-08-10 18:46:55 [http-nio-8080-exec-2] WARN  o.s.w.s.m.m.a.ExceptionHandlerExceptionResolver - Resolved [com.evstation.ev_charging_backend.exception.RatingNotFoundException: No rating found for booking ID: 7]
2026-08-10 18:46:55 [http-nio-8080-exec-10] WARN  o.s.w.s.m.m.a.ExceptionHandlerExceptionResolver - Resolved [com.evstation.ev_charging_backend.exception.RatingNotFoundException: No rating found for booking ID: 5]
2026-08-10 18:46:55 [http-nio-8080-exec-4] WARN  o.s.w.s.m.m.a.ExceptionHandlerExceptionResolver - Resolved [com.evstation.ev_charging_backend.exception.RatingNotFoundException: No rating found for booking ID: 4]
2026-08-10 18:47:06 [http-nio-8080-exec-5] WARN  o.s.w.s.m.m.a.ExceptionHandlerExceptionResolver - Resolved [com.evstation.ev_charging_backend.exception.RatingNotFoundException: No rating found for booking ID: 71]
2026-08-10 18:47:06 [http-nio-8080-exec-1] WARN  o.s.w.s.m.m.a.ExceptionHandlerExceptionResolver - Resolved [com.evstation.ev_charging_backend.exception.RatingNotFoundException: No rating found for booking ID: 70]
2026-08-10 18:47:06 [http-nio-8080-exec-5] WARN  o.s.w.s.m.m.a.ExceptionHandlerExceptionResolver - Resolved [com.evstation.ev_charging_backend.exception.RatingNotFoundException: No rating found for booking ID: 11]
2026-08-10 18:47:06 [http-nio-8080-exec-8] WARN  o.s.w.s.m.m.a.ExceptionHandlerExceptionResolver - Resolved [com.evstation.ev_charging_backend.exception.RatingNotFoundException: No rating found for booking ID: 8]
2026-08-10 18:47:06 [http-nio-8080-exec-7] WARN  o.s.w.s.m.m.a.ExceptionHandlerExceptionResolver - Resolved [com.evstation.ev_charging_backend.exception.RatingNotFoundException: No rating found for booking ID: 5]
2026-08-10 18:47:06 [http-nio-8080-exec-3] WARN  o.s.w.s.m.m.a.ExceptionHandlerExceptionResolver - Resolved [com.evstation.ev_charging_backend.exception.RatingNotFoundException: No rating found for booking ID: 7]
2026-08-10 18:47:06 [http-nio-8080-exec-1] WARN  o.s.w.s.m.m.a.ExceptionHandlerExceptionResolver - Resolved [com.evstation.ev_charging_backend.exception.RatingNotFoundException: No rating found for booking ID: 4]
2026-08-10 18:47:21 [http-nio-8080-exec-2] INFO  c.e.e.c.a.UserAnalyticsController - Getting user overview for period: LAST_30_DAYS
2026-08-10 18:47:21 [http-nio-8080-exec-2] INFO  c.e.e.s.a.UserAnalyticsServiceImpl - Calculating overview for user 6 with period LAST_30_DAYS
2026-08-10 18:47:42 [pool-2-thread-1] INFO  c.e.e.s.a.AnalyticsCacheRefreshService - Starting scheduled analytics cache refresh (2-minute interval)
2026-08-10 18:47:42 [pool-2-thread-1] INFO  c.e.e.s.a.AnalyticsCacheRefreshService - Analytics cache refresh completed successfully
2026-08-10 18:48:53 [SpringApplicationShutdownHook] INFO  o.s.b.w.e.tomcat.GracefulShutdown - Commencing graceful shutdown. Waiting for active requests to complete
2026-08-10 18:48:53 [tomcat-shutdown] INFO  o.s.b.w.e.tomcat.GracefulShutdown - Graceful shutdown complete
2026-08-10 18:48:53 [SpringApplicationShutdownHook] DEBUG o.s.m.s.ExecutorSubscribableChannel - clientOutboundChannel removed SubProtocolWebSocketHandler[StompSubProtocolHandler[v10.stomp, v11.stomp, v12.stomp]]
2026-08-10 18:48:53 [SpringApplicationShutdownHook] DEBUG o.s.m.s.ExecutorSubscribableChannel - clientInboundChannel removed WebSocketAnnotationMethodMessageHandler[prefixes=[/app/]]
2026-08-10 18:48:53 [SpringApplicationShutdownHook] INFO  o.s.m.s.b.SimpleBrokerMessageHandler - Stopping...
2026-08-10 18:48:53 [SpringApplicationShutdownHook] INFO  o.s.m.s.b.SimpleBrokerMessageHandler - BrokerAvailabilityEvent[available=false, SimpleBrokerMessageHandler [org.springframework.messaging.simp.broker.DefaultSubscriptionRegistry@2803db1c]]
2026-08-10 18:48:53 [SpringApplicationShutdownHook] DEBUG o.s.m.s.ExecutorSubscribableChannel - clientInboundChannel removed SimpleBrokerMessageHandler [org.springframework.messaging.simp.broker.DefaultSubscriptionRegistry@2803db1c]
2026-08-10 18:48:53 [SpringApplicationShutdownHook] DEBUG o.s.m.s.ExecutorSubscribableChannel - brokerChannel removed SimpleBrokerMessageHandler [org.springframework.messaging.simp.broker.DefaultSubscriptionRegistry@2803db1c]
2026-08-10 18:48:53 [SpringApplicationShutdownHook] INFO  o.s.m.s.b.SimpleBrokerMessageHandler - Stopped.
2026-08-10 18:48:53 [SpringApplicationShutdownHook] DEBUG o.s.m.s.ExecutorSubscribableChannel - clientInboundChannel removed UserDestinationMessageHandler[DefaultUserDestinationResolver[prefix=/user/]]
2026-08-10 18:48:53 [SpringApplicationShutdownHook] DEBUG o.s.m.s.ExecutorSubscribableChannel - brokerChannel removed UserDestinationMessageHandler[DefaultUserDestinationResolver[prefix=/user/]]
2026-08-10 18:48:53 [SpringApplicationShutdownHook] INFO  o.s.o.j.LocalContainerEntityManagerFactoryBean - Closing JPA EntityManagerFactory for persistence unit 'default'
2026-08-10 18:48:53 [SpringApplicationShutdownHook] INFO  com.zaxxer.hikari.HikariDataSource - HikariPool-1 - Shutdown initiated...
2026-08-10 18:48:53 [SpringApplicationShutdownHook] INFO  com.zaxxer.hikari.HikariDataSource - HikariPool-1 - Shutdown completed.
